Detecting compiler hash for triplet x64-windows...
Compiler found: C:/Program Files/Microsoft Visual Studio/2022/Community/VC/Tools/MSVC/14.44.35207/bin/Hostx64/x64/cl.exe
The following packages will be built and installed:
    bgfx[core,multithreaded]:x64-windows@1.129.8940-496
  * libsquish:x64-windows@1.15#14
  * lodepng:x64-windows@2021-12-04#1
  * mgnlibs:x64-windows@2019-09-29#2
  * miniz:x64-windows@3.1.0
    sdl3:x64-windows@3.2.28
  * stb:x64-windows@2024-07-29#1
  * tinyexr:x64-windows@1.0.12
  * vcpkg-cmake:x64-windows@2024-04-23
  * vcpkg-cmake-config:x64-windows@2024-05-23
Additional packages (*) will be modified to complete this operation.
Restored 10 package(s) from C:\Users\winga\AppData\Local\vcpkg\archives in 318 ms. Use --debug to see more details.
Installing 1/10 vcpkg-cmake-config:x64-windows@2024-05-23...
Elapsed time to handle vcpkg-cmake-config:x64-windows: 18.6 ms
vcpkg-cmake-config:x64-windows package ABI: 519726fb1ffaa1cac287620b55bc1b84e8bc976b646211e6c41808c0b88c2e8e
Installing 2/10 vcpkg-cmake:x64-windows@2024-04-23...
Elapsed time to handle vcpkg-cmake:x64-windows: 25.5 ms
vcpkg-cmake:x64-windows package ABI: 8a19d77aba540ebd279bb0ccafd3f59b2d6956f61abcb273ec8cd37da3874433
Installing 3/10 miniz:x64-windows@3.1.0...
Elapsed time to handle miniz:x64-windows: 79.6 ms
miniz:x64-windows package ABI: 2ec1fda4481bcdf5c20a769a9b776516352a00c43259ea38f318d20aab734fe2
Installing 4/10 tinyexr:x64-windows@1.0.12...
Elapsed time to handle tinyexr:x64-windows: 46.2 ms
tinyexr:x64-windows package ABI: 31972d1948b12ce260f3e7991b77b32099923cf576abf0f03b981b4b51bc1f77
Installing 5/10 stb:x64-windows@2024-07-29#1...
Elapsed time to handle stb:x64-windows: 67.8 ms
stb:x64-windows package ABI: 5f65965656d29ae33f56b30cbf902661f460b5dfa9f73ea442260bb33245e538
Installing 6/10 mgnlibs:x64-windows@2019-09-29#2...
Elapsed time to handle mgnlibs:x64-windows: 29.8 ms
mgnlibs:x64-windows package ABI: 205165112a2f1217d094c4295015d86f9fbee703d8874a6df6b6d0029ca2010b
Installing 7/10 lodepng:x64-windows@2021-12-04#1...
Elapsed time to handle lodepng:x64-windows: 36.8 ms
lodepng:x64-windows package ABI: f989bd695d58629dc4f01ffe50c783209392e02093583d19ebc4cc551e69708c
Installing 8/10 libsquish:x64-windows@1.15#14...
Elapsed time to handle libsquish:x64-windows: 29.8 ms
libsquish:x64-windows package ABI: 0ea6c1bbb466e7c663f7b5572861c64a201693a4508470bd125071bab447ce5b
Installing 9/10 bgfx[core,multithreaded]:x64-windows@1.129.8940-496...
Elapsed time to handle bgfx:x64-windows: 207 ms
bgfx:x64-windows package ABI: eec007fddc87cd8bbbe31aa570fe90c27632b81502b9ea8b31573e4d8e3b0c2c
Installing 10/10 sdl3:x64-windows@3.2.28...
Elapsed time to handle sdl3:x64-windows: 171 ms
sdl3:x64-windows package ABI: 229311ad76098563cf6d0f9692df844f207e16230f49c74fa91d56e430fddb52
Installed contents are licensed to you by owners. Microsoft is not responsible for, nor does it grant any licenses to, third-party packages.
Some packages did not declare an SPDX license. Check the `copyright` file for each package for more information about their licensing.
Packages installed in this vcpkg installation declare the following licenses:
(MIT OR CC-PDDC)
Apache-2.0
BSD-2-Clause
BSD-3-Clause
CC0-1.0
MIT
Zlib
bgfx provides CMake targets:

  # this is heuristically generated, and may not be correct
  find_package(bgfx CONFIG REQUIRED)
  # note: 1 additional targets are not displayed.
  target_link_libraries(main PRIVATE bgfx::bx bgfx::bgfx bgfx::bimg bgfx::bimg_decode)

sdl3 provides CMake targets:

  find_package(SDL3 CONFIG REQUIRED)
  target_link_libraries(main PRIVATE SDL3::SDL3)

All requested installations completed successfully in: 721 ms
